// Jest Snapshot v1, https://goo.gl/fbAQLP

exports[`PrintPage (Snapshot) PrintPage renders 1`] = `
ShallowWrapper {
  "complexSelector": ComplexSelector {
    "buildPredicate": [Function],
    "childrenOfNode": [Function],
    "findWhereUnwrapped": [Function],
  },
  "length": 1,
  "node": <PrintPage
    dispatch={[Function]}
    store={
      Object {
        "clearActions": [Function],
        "dispatch": [Function],
        "getActions": [Function],
        "getState": [Function],
        "replaceReducer": [Function],
        "subscribe": [Function],
      }
    }
    storeSubscription={
      Subscription {
        "listeners": Object {
          "notify": [Function],
        },
        "onStateChange": [Function],
        "parentSub": undefined,
        "store": Object {
          "clearActions": [Function],
          "dispatch": [Function],
          "getActions": [Function],
          "getState": [Function],
          "replaceReducer": [Function],
          "subscribe": [Function],
        },
        "unsubscribe": null,
      }
    }
    trips={Array []}
  />,
  "nodes": Array [
    <PrintPage
      dispatch={[Function]}
      store={
        Object {
          "clearActions": [Function],
          "dispatch": [Function],
          "getActions": [Function],
          "getState": [Function],
          "replaceReducer": [Function],
          "subscribe": [Function],
        }
      }
      storeSubscription={
        Subscription {
          "listeners": Object {
            "notify": [Function],
          },
          "onStateChange": [Function],
          "parentSub": undefined,
          "store": Object {
            "clearActions": [Function],
            "dispatch": [Function],
            "getActions": [Function],
            "getState": [Function],
            "replaceReducer": [Function],
            "subscribe": [Function],
          },
          "unsubscribe": null,
        }
      }
      trips={Array []}
    />,
  ],
  "options": Object {},
  "renderer": ReactShallowRenderer {
    "_instance": ShallowComponentWrapper {
      "_calledComponentWillUnmount": false,
      "_compositeType": 0,
      "_context": Object {},
      "_currentElement": <Connect(PrintPage)
        store={
          Object {
            "clearActions": [Function],
            "dispatch": [Function],
            "getActions": [Function],
            "getState": [Function],
            "replaceReducer": [Function],
            "subscribe": [Function],
          }
        }
      />,
      "_debugID": 1,
      "_hostContainerInfo": null,
      "_hostParent": null,
      "_instance": Connect {
        "_reactInternalInstance": [Circular],
        "context": Object {
          "store": undefined,
          "storeSubscription": undefined,
        },
        "notifyNestedSubs": [Function],
        "props": Object {
          "store": Object {
            "clearActions": [Function],
            "dispatch": [Function],
            "getActions": [Function],
            "getState": [Function],
            "replaceReducer": [Function],
            "subscribe": [Function],
          },
        },
        "propsMode": true,
        "refs": Object {},
        "renderCount": 0,
        "selector": Object {
          "error": null,
          "props": Object {
            "dispatch": [Function],
            "store": Object {
              "clearActions": [Function],
              "dispatch": [Function],
              "getActions": [Function],
              "getState": [Function],
              "replaceReducer": [Function],
              "subscribe": [Function],
            },
            "trips": Array [],
          },
          "run": [Function],
          "shouldComponentUpdate": false,
        },
        "setWrappedInstance": [Function],
        "state": Object {},
        "store": Object {
          "clearActions": [Function],
          "dispatch": [Function],
          "getActions": [Function],
          "getState": [Function],
          "replaceReducer": [Function],
          "subscribe": [Function],
        },
        "subscription": Subscription {
          "listeners": Object {
            "notify": [Function],
          },
          "onStateChange": [Function],
          "parentSub": undefined,
          "store": Object {
            "clearActions": [Function],
            "dispatch": [Function],
            "getActions": [Function],
            "getState": [Function],
            "replaceReducer": [Function],
            "subscribe": [Function],
          },
          "unsubscribe": null,
        },
        "updater": Object {
          "enqueueCallback": [Function],
          "enqueueCallbackInternal": [Function],
          "enqueueElementInternal": [Function],
          "enqueueForceUpdate": [Function],
          "enqueueReplaceState": [Function],
          "enqueueSetState": [Function],
          "isMounted": [Function],
          "validateCallback": [Function],
        },
        "version": 2,
      },
      "_mountOrder": 1,
      "_pendingCallbacks": null,
      "_pendingElement": null,
      "_pendingForceUpdate": false,
      "_pendingReplaceState": false,
      "_pendingStateQueue": null,
      "_renderedComponent": NoopInternalComponent {
        "_currentElement": <PrintPage
          dispatch={[Function]}
          store={
            Object {
              "clearActions": [Function],
              "dispatch": [Function],
              "getActions": [Function],
              "getState": [Function],
              "replaceReducer": [Function],
              "subscribe": [Function],
            }
          }
          storeSubscription={
            Subscription {
              "listeners": Object {
                "notify": [Function],
              },
              "onStateChange": [Function],
              "parentSub": undefined,
              "store": Object {
                "clearActions": [Function],
                "dispatch": [Function],
                "getActions": [Function],
                "getState": [Function],
                "replaceReducer": [Function],
                "subscribe": [Function],
              },
              "unsubscribe": null,
            }
          }
          trips={Array []}
        />,
        "_debugID": 2,
        "_renderedOutput": <PrintPage
          dispatch={[Function]}
          store={
            Object {
              "clearActions": [Function],
              "dispatch": [Function],
              "getActions": [Function],
              "getState": [Function],
              "replaceReducer": [Function],
              "subscribe": [Function],
            }
          }
          storeSubscription={
            Subscription {
              "listeners": Object {
                "notify": [Function],
              },
              "onStateChange": [Function],
              "parentSub": undefined,
              "store": Object {
                "clearActions": [Function],
                "dispatch": [Function],
                "getActions": [Function],
                "getState": [Function],
                "replaceReducer": [Function],
                "subscribe": [Function],
              },
              "unsubscribe": null,
            }
          }
          trips={Array []}
        />,
      },
      "_renderedNodeType": 1,
      "_rootNodeID": 0,
      "_topLevelWrapper": null,
      "_updateBatchNumber": null,
      "_warnedAboutRefsInRender": false,
    },
    "getRenderOutput": [Function],
    "render": [Function],
  },
  "root": [Circular],
  "unrendered": <Connect(PrintPage)
    store={
      Object {
        "clearActions": [Function],
        "dispatch": [Function],
        "getActions": [Function],
        "getState": [Function],
        "replaceReducer": [Function],
        "subscribe": [Function],
      }
    }
  />,
}
`;
